[htmldemo.net/destry/tf.html]
[backblue.gif]
[fade.gif]
[index.html]
[htmldemo.net/destry/p2/img/favicon.ico]
[htmldemo.net/destry/p2/css/font.awesome.min.css]
[htmldemo.net/destry/p2/css/bootstrap.min.css]
[htmldemo.net/destry/p2/css/et-line.css]
[htmldemo.net/destry/p2/css/plugins.css]
[htmldemo.net/destry/p2/style.css]
[htmldemo.net/destry/p2/css/responsive.css]
[htmldemo.net/destry/p2/js/vendor/modernizr-2.8.3.min.js]
[htmldemo.net/destry/destry/index.html]
[htmldemo.net/destry/p2/img/destry/preview-head-white.png]
[htmldemo.net/destry/p2/img/destry/preview-head-black.png]
[htmldemo.net/destry/p2/img/destry/slider-landing.jpg]
[htmldemo.net/destry/p2/img/destry/home-1.png]
[htmldemo.net/destry/destry/index-2.html]
[htmldemo.net/destry/p2/img/destry/home-2.png]
[htmldemo.net/destry/destry/shop-grid.html]
[htmldemo.net/destry/p2/img/destry/shop.png]
[htmldemo.net/destry/destry/single-product.html]
[htmldemo.net/destry/p2/img/destry/single-product.png]
[htmldemo.net/destry/destry/blog.html]
[htmldemo.net/destry/p2/img/destry/blog.png]
[htmldemo.net/destry/destry/about.html]
[htmldemo.net/destry/p2/img/destry/about.png]
[htmldemo.net/destry/destry/contact.html]
[htmldemo.net/destry/p2/img/destry/contact.png]
[htmldemo.net/destry/destry/faq.html]
[htmldemo.net/destry/p2/img/destry/faq.png]
[htmldemo.net/destry/destry/404-error.html]
[htmldemo.net/destry/p2/img/destry/error-404.png]
[htmldemo.net/destry/p2/js/vendor/jquery-3.1.1.min.js]
[htmldemo.net/destry/p2/js/bootstrap.min.js]
[htmldemo.net/destry/p2/js/plugins.js]
[htmldemo.net/destry/p2/js/ajax-mail.js]
[htmldemo.net/destry/tf.html]
[htmldemo.net/destry/p2/css/bootstrap.min.css]
[htmldemo.net/destry/p2/js/main.js]
[htmldemo.net/destry/p2/fonts/fontawesome-webfont3e6e.eot]
[htmldemo.net/destry/p2/fonts/fontawesome-webfont3e6e.woff2]
[htmldemo.net/destry/p2/fonts/fontawesome-webfont3e6e.woff]
[htmldemo.net/destry/p2/fonts/fontawesome-webfontd41d.eot]
[htmldemo.net/destry/p2/fonts/fontawesome-webfont3e6e.ttf]
[htmldemo.net/destry/p2/css/font.awesome.min.css]
[htmldemo.net/destry/p2/fonts/et-line.eot]
[htmldemo.net/destry/p2/fonts/fontawesome-webfont3e6e.svg]
[htmldemo.net/destry/p2/fonts/et-lined41d.eot]
[htmldemo.net/destry/p2/fonts/et-line.woff]
[htmldemo.net/destry/p2/fonts/et-line.ttf]
[htmldemo.net/destry/p2/css/et-line.css]
[htmldemo.net/destry/p2/css/plugins.css]
[htmldemo.net/destry/p2/style.css]
[htmldemo.net/destry/p2/css/responsive.css]
[www.googletagmanager.com/gtm5445.html]
[htmldemo.net/destry/p2/fonts/et-line.svg]
[htmldemo.net/destry/destry/assets/images/favicon.ico]
[htmldemo.net/destry/destry/assets/css/vendor/fontawesome.min.css]
[htmldemo.net/destry/destry/assets/css/vendor/pe-icon-7-stroke.min.css]
[htmldemo.net/destry/destry/assets/css/plugins/swiper-bundle.min.css]
[htmldemo.net/destry/destry/assets/css/plugins/animate.min.css]
[htmldemo.net/destry/destry/assets/css/plugins/aos.min.css]
[htmldemo.net/destry/destry/assets/css/plugins/nice-select.min.css]
[htmldemo.net/destry/destry/assets/css/plugins/jquery-ui.min.css]
[htmldemo.net/destry/destry/assets/css/plugins/lightgallery.min.css]
[htmldemo.net/destry/destry/assets/images/logo/logo.png]
[htmldemo.net/destry/destry/shop-left-sidebar.html]
[htmldemo.net/destry/destry/assets/css/style.css]
[htmldemo.net/destry/destry/shop-right-sidebar.html]
[htmldemo.net/destry/destry/shop-list-fullwidth.html]
[htmldemo.net/destry/destry/shop-list-left-sidebar.html]
[htmldemo.net/destry/destry/shop-list-right-sidebar.html]
[htmldemo.net/destry/destry/single-product-sale.html]
[htmldemo.net/destry/destry/single-product-group.html]
[htmldemo.net/destry/destry/single-product-normal.html]
[htmldemo.net/destry/destry/single-product-affiliate.html]
[htmldemo.net/destry/destry/single-product-slider.html]
[htmldemo.net/destry/destry/single-product-gallery-left.html]
[htmldemo.net/destry/destry/single-product-gallery-right.html]
[htmldemo.net/destry/destry/single-product-tab-style-left.html]
[htmldemo.net/destry/destry/single-product-tab-style-right.html]
[htmldemo.net/destry/destry/single-product-sticky-left.html]
[htmldemo.net/destry/destry/single-product-sticky-right.html]
[htmldemo.net/destry/destry/my-account.html]
[htmldemo.net/destry/destry/login-register.html]
[htmldemo.net/destry/destry/wishlist.html]
[htmldemo.net/destry/destry/cart.html]
[htmldemo.net/destry/destry/checkout.html]
[htmldemo.net/destry/destry/compare.html]
[htmldemo.net/destry/destry/blog-left-sidebar.html]
[htmldemo.net/destry/destry/blog-right-sidebar.html]
[htmldemo.net/destry/destry/blog-details.html]
[htmldemo.net/destry/destry/blog-details-sidebar.html]
[htmldemo.net/destry/destry/assets/images/products/small-product/1.jpg]
[htmldemo.net/destry/destry/assets/images/products/small-product/2.jpg]
[htmldemo.net/destry/destry/assets/images/products/small-product/3.jpg]
[htmldemo.net/destry/destry/assets/images/slider/slide-1.jpg]
[htmldemo.net/destry/destry/assets/images/slider/slide-1-2.jpg]
[htmldemo.net/destry/destry/assets/images/banner/banner-1.jpg]
[htmldemo.net/destry/destry/assets/images/banner/banner-2.jpg]
[htmldemo.net/destry/destry/assets/images/banner/banner-3.jpg]
[htmldemo.net/destry/destry/assets/images/icons/feature-icon-2.png]
[htmldemo.net/destry/destry/assets/images/icons/feature-icon-3.png]
[htmldemo.net/destry/destry/assets/images/icons/feature-icon-4.png]
[htmldemo.net/destry/destry/assets/images/icons/feature-icon-1.png]
[htmldemo.net/destry/destry/assets/images/products/medium-size/1.jpg]
[htmldemo.net/destry/destry/assets/images/products/medium-size/5.jpg]
[htmldemo.net/destry/destry/assets/images/products/medium-size/2.jpg]
[htmldemo.net/destry/destry/assets/images/products/medium-size/3.jpg]
[htmldemo.net/destry/destry/assets/images/products/medium-size/4.jpg]
[htmldemo.net/destry/destry/assets/images/products/medium-size/10.jpg]
[htmldemo.net/destry/destry/assets/images/products/medium-size/6.jpg]
[htmldemo.net/destry/destry/assets/images/products/medium-size/7.jpg]
[htmldemo.net/destry/destry/assets/images/products/medium-size/9.jpg]
[htmldemo.net/destry/destry/assets/images/products/medium-size/11.jpg]
[htmldemo.net/destry/destry/assets/images/banner/big-banner.jpg]
[htmldemo.net/destry/destry/assets/images/products/medium-size/8.jpg]
[htmldemo.net/destry/destry/assets/images/banner/banner-4.jpg]
[htmldemo.net/destry/destry/assets/images/banner/banner-5.jpg]
[htmldemo.net/destry/destry/assets/images/products/small-product/5.jpg]
[htmldemo.net/destry/destry/assets/images/products/small-product/4.jpg]
[htmldemo.net/destry/destry/assets/images/products/small-product/10.jpg]
[htmldemo.net/destry/destry/assets/images/products/small-product/6.jpg]
[htmldemo.net/destry/destry/assets/images/products/small-product/7.jpg]
[htmldemo.net/destry/destry/assets/images/products/small-product/9.jpg]
[htmldemo.net/destry/destry/assets/images/products/small-product/11.jpg]
[htmldemo.net/destry/destry/assets/images/brand-logo/1.png]
[htmldemo.net/destry/destry/assets/images/brand-logo/2.png]
[htmldemo.net/destry/destry/assets/images/brand-logo/3.png]
[htmldemo.net/destry/destry/assets/images/brand-logo/4.png]
[htmldemo.net/destry/destry/assets/images/brand-logo/5.png]
[htmldemo.net/destry/destry/account.html]
[htmldemo.net/destry/destry/assets/images/products/large-size/1.jpg]
[htmldemo.net/destry/destry/assets/images/products/large-size/2.jpg]
[htmldemo.net/destry/destry/assets/images/products/large-size/3.jpg]
[htmldemo.net/destry/destry/assets/images/products/large-size/4.jpg]
[htmldemo.net/destry/destry/assets/images/products/large-size/5.jpg]
[htmldemo.net/destry/destry/assets/images/products/large-size/6.jpg]
[htmldemo.net/destry/destry/assets/js/vendor/bootstrap.bundle.min.js]
[htmldemo.net/destry/destry/assets/js/vendor/jquery-3.6.0.min.js]
[htmldemo.net/destry/destry/assets/js/vendor/jquery-migrate-3.3.2.min.js]
[htmldemo.net/destry/destry/assets/js/vendor/modernizr-3.11.2.min.js]
[htmldemo.net/destry/destry/assets/js/plugins/countdown.min.js]
[htmldemo.net/destry/destry/assets/js/plugins/aos.min.js]
[htmldemo.net/destry/destry/assets/js/plugins/swiper-bundle.min.js]
[htmldemo.net/destry/destry/assets/js/plugins/nice-select.min.js]
[htmldemo.net/destry/destry/assets/js/plugins/jquery.ajaxchimp.min.js]
[htmldemo.net/destry/destry/assets/js/plugins/jquery-ui.min.js]
[htmldemo.net/destry/destry/assets/js/plugins/lightgallery-all.min.js]
[htmldemo.net/destry/destry/assets/js/plugins/thia-sticky-sidebar.min.js]
[htmldemo.net/destry/destry/index.html]
[htmldemo.net/destry/destry/assets/js/main.js]
[htmldemo.net/destry/destry/assets/images/slider/slide-2.jpg]
[htmldemo.net/destry/destry/assets/images/slider/slide-2-2.jpg]
[htmldemo.net/destry/destry/assets/images/blog/blog-post/1.html]
[htmldemo.net/destry/destry/index-2.html]
[htmldemo.net/destry/destry/shop-grid.html]
[htmldemo.net/destry/destry/single-product.html]
[htmldemo.net/destry/destry/blog.html]
[htmldemo.net/destry/destry/about.html]
[htmldemo.net/destry/destry/contact.html]
[htmldemo.net/destry/destry/faq.html]
[htmldemo.net/destry/destry/404-error.html]
[htmldemo.net/destry/p2/fonts/fontawesome-webfont3e6e.svg]
[htmldemo.net/destry/p2/fonts/et-line.svg]
[htmldemo.net/destry/destry/assets/css/vendor/fontawesome.min.css]
[htmldemo.net/destry/destry/assets/css/vendor/pe-icon-7-stroke.min.css]
[htmldemo.net/destry/destry/assets/css/plugins/swiper-bundle.min.css]
[htmldemo.net/destry/destry/assets/css/plugins/animate.min.css]
[htmldemo.net/destry/destry/assets/css/plugins/aos.min.css]
[htmldemo.net/destry/destry/assets/css/plugins/nice-select.min.css]
[htmldemo.net/destry/destry/assets/css/plugins/jquery-ui.min.css]
[htmldemo.net/destry/destry/assets/css/plugins/lightgallery.min.css]
[htmldemo.net/destry/destry/assets/css/style.css]
[htmldemo.net/destry/destry/shop-left-sidebar.html]
[htmldemo.net/destry/destry/shop-right-sidebar.html]
[htmldemo.net/destry/destry/shop-list-fullwidth.html]
[htmldemo.net/destry/destry/shop-list-left-sidebar.html]
[htmldemo.net/destry/destry/shop-list-right-sidebar.html]
[htmldemo.net/destry/destry/single-product-sale.html]
[htmldemo.net/destry/destry/single-product-group.html]
[htmldemo.net/destry/destry/single-product-normal.html]
[htmldemo.net/destry/destry/single-product-affiliate.html]
[htmldemo.net/destry/destry/single-product-slider.html]
[htmldemo.net/destry/destry/single-product-gallery-left.html]
[htmldemo.net/destry/destry/single-product-gallery-right.html]
[htmldemo.net/destry/destry/single-product-tab-style-left.html]
[htmldemo.net/destry/destry/single-product-tab-style-right.html]
[htmldemo.net/destry/destry/single-product-sticky-left.html]
[htmldemo.net/destry/destry/single-product-sticky-right.html]
[htmldemo.net/destry/destry/my-account.html]
[htmldemo.net/destry/destry/login-register.html]
[htmldemo.net/destry/destry/wishlist.html]
[htmldemo.net/destry/destry/cart.html]
[htmldemo.net/destry/destry/checkout.html]
[htmldemo.net/destry/destry/compare.html]
[htmldemo.net/destry/destry/blog-left-sidebar.html]
[htmldemo.net/destry/destry/blog-right-sidebar.html]
[htmldemo.net/destry/destry/blog-details.html]
[htmldemo.net/destry/destry/blog-details-sidebar.html]
[htmldemo.net/destry/destry/account.html]
