[html.design/demo/eventon_christmas/index.html]
[backblue.gif]
[fade.gif]
[index.html]
[html.design/demo/eventon_christmas/css/bootstrap.min.css]
[html.design/demo/eventon_christmas/css/pogo-slider.min.css]
[html.design/demo/eventon_christmas/css/style.css]
[html.design/demo/eventon_christmas/css/responsive.css]
[html.design/demo/eventon_christmas/css/custom.css]
[html.design/demo/eventon_christmas/index-2.html]
[html.design/demo/eventon_christmas/images/logo.png]
[html.design/demo/eventon_christmas/images/slider-01.jpg]
[html.design/demo/eventon_christmas/images/w1.png]
[html.design/demo/eventon_christmas/images/head_s.png]
[html.design/demo/eventon_christmas/images/w2.png]
[html.design/demo/eventon_christmas/images/d1.png]
[html.design/demo/eventon_christmas/images/d2.png]
[html.design/demo/eventon_christmas/images/d3.png]
[html.design/demo/eventon_christmas/images/d4.png]
[html.design/demo/eventon_christmas/images/c1.png]
[html.design/demo/eventon_christmas/images/c2.png]
[html.design/cdn-cgi/scripts/5c5dd728/cloudflare-static/email-decode.min.js]
[html.design/demo/eventon_christmas/js/jquery.min.js]
[html.design/demo/eventon_christmas/js/popper.min.js]
[html.design/demo/eventon_christmas/js/bootstrap.min.js]
[html.design/demo/eventon_christmas/js/jquery.magnific-popup.min.js]
[html.design/demo/eventon_christmas/js/jquery.pogo-slider.min.js]
[html.design/demo/eventon_christmas/js/slider-index.js]
[html.design/demo/eventon_christmas/js/smoothscroll.js]
[html.design/demo/eventon_christmas/js/form-validator.min.js]
[html.design/demo/eventon_christmas/js/contact-form-script.js]
[html.design/demo/eventon_christmas/js/isotope.min.js]
[html.design/demo/eventon_christmas/js/images-loded.min.js]
[html.design/demo/eventon_christmas/index.html]
[html.design/demo/eventon_christmas/css/bootstrap.min.css]
[html.design/demo/eventon_christmas/css/pogo-slider.min.css]
[html.design/demo/eventon_christmas/js/custom.js]
[html.design/demo/eventon_christmas/css/animate.css]
[html.design/demo/eventon_christmas/css/font-awesome.min.css]
[html.design/demo/eventon_christmas/css/magnific-popup.css]
[html.design/demo/eventon_christmas/css/responsiveslides.css]
[html.design/demo/eventon_christmas/css/timeline.css]
[html.design/demo/eventon_christmas/css/flaticon.css]
[html.design/demo/eventon_christmas/images/gb.png]
[html.design/demo/eventon_christmas/css/style.css]
[html.design/demo/eventon_christmas/css/responsive.css]
[html.design/demo/eventon_christmas/css/custom.css]
[html.design/demo/eventon_christmas/index-2.html]
[html.design/demo/eventon_christmas/css/animate.css]
[html.design/demo/eventon_christmas/images/wave.svg]
[html.design/demo/eventon_christmas/fonts/fontawesome-webfont3e6e.eot]
[html.design/demo/eventon_christmas/fonts/fontawesome-webfontd41d.eot]
[html.design/demo/eventon_christmas/fonts/fontawesome-webfont3e6e.woff2]
[html.design/demo/eventon_christmas/fonts/fontawesome-webfont3e6e.woff]
[html.design/demo/eventon_christmas/fonts/fontawesome-webfont3e6e.ttf]
[html.design/demo/eventon_christmas/css/font-awesome.min.css]
[html.design/demo/eventon_christmas/css/magnific-popup.css]
[html.design/demo/eventon_christmas/css/responsiveslides.css]
[html.design/demo/eventon_christmas/css/timeline.css]
[html.design/demo/eventon_christmas/fonts/fontawesome-webfont3e6e.svg]
[html.design/demo/eventon_christmas/fonts/Flaticon.eot]
[html.design/demo/eventon_christmas/fonts/Flaticond41d.eot]
[html.design/demo/eventon_christmas/fonts/Flaticon.woff]
[html.design/demo/eventon_christmas/fonts/Flaticon.ttf]
[html.design/demo/eventon_christmas/css/flaticon.css]
[html.design/demo/eventon_christmas/images/wave.svg]
[html.design/demo/eventon_christmas/fonts/fontawesome-webfont3e6e.svg]
[html.design/demo/eventon_christmas/fonts/Flaticon.svg]
[html.design/demo/eventon_christmas/fonts/Flaticon.svg]
